---
source: tui/src/slash_command.rs
expression: terminal.backend()
---
"╭──────────────────────────────────────────────────────────────────────────────────────────────────╮"
"│/compact            Summarize and compact the current conversation to free up context.            │"
"╰──────────────────────────────────────────────────────────────────────────────────────────────────╯"
"╭──────────────────────────────────────────────────────────────────────────────────────────────────╮"
"│/c                                                                                                │"
"│                                                                                                  │"
"│                                                                                                  │"
"│                                                                                                  │"
"│                                                                                                  │"
"╰───────────────────────────────────────────────Enter to send | Ctrl+D to quit | Ctrl+J for newline╯"
