---
source: tui/tests/vt100_chatwidget_snapshot.rs
assertion_line: 1566
expression: output
---
 +----------------------------------------------------------------------------+
 |                                    Code                                    |
 +----------------------------------------------------------------------------+
 ★ Popular commands:
   /settings - manage all settings in one place NEW
   /auto - work autonomously on long tasks with Auto Drive UPDATED
   /chrome - connect to your Chrome browser
   /plan - create a comprehensive plan (multiple agents)
   /code - perform a coding task (multiple agents)

 › /agents

 ✖ ⚠️  status_update: missing agent batch_id. tool=agent_status
   agents=orphan-agent

 +----------------------------- ✶ Using tools... -----------------------------+
 | What can I code for you today?                                             |
 +----------------------------------------------------------------------------+
   Read Only  (Shift+Tab change)                       Ctrl+H help
