---
source: tui/tests/vt100_chatwidget_snapshot.rs
assertion_line: 415
expression: frame
---
 +----------------------------------------------------------------------------+
 |                                    Code                                    |
 +----------------------------------------------------------------------------+
   mcp, notifications)
   /auto - work autonomously on long tasks with Auto Drive Experimental
   /chrome - connect to Chrome (opens Settings at Chrome)
   /plan - create a comprehensive plan (multiple agents)
   /code - perform a coding task (multiple agents)

  Auto Drive > Working                                Awaiting input (0 turns)
 Auto Drive will send:
 Prompt:
 justfile run manual



   Awaiting approval  •  Agents Enabled  •  Revie… Enter approve  •  Esc cancel
