---
source: tui/tests/vt100_chatwidget_snapshot.rs
expression: output
---
 ┌────────────────────────────────────────────────────────────────────────────┐
 │                                    Code                                    │
 └────────────────────────────────────────────────────────────────────────────┘
   parallel work)
   /limits - visualize weekly and hourly rate limits
   /review - review your changes for potential issues
   /auto - work autonomously on long tasks with Auto Drive Experimental
   /cloud - browse, apply, and create cloud tasks NEW


 • Here's a simple function:

   ┌ rust ────────────────────────────┐
   │  fn hello() {                    │
   │      println!("Hello, world!");  │
   │  }                               │
   └──────────────────────────────────┘


 ┌────────────────────────────────────────────────────────────────────────────┐
 │ What can I code for you today?                                             │
 └────────────────────────────────────────────────────────────────────────────┘
   Read Only  (Shift+Tab change)                                   Ctrl+H help
