---
source: tui/tests/vt100_chatwidget_snapshot.rs
assertion_line: 1519
expression: section_open
---
 +------------------------------------------------------------------------------------------------+
 |    Code  •  Directory: ~/.code/working/code/branches/code-branch-20251026-150523/code-rs/tui   |
 +------------------------------------------------------------------------------------------------+
 +Settings ▸ Model--------------------------------------------------------------------------------+
 |                                                                                                |
 | ›  Model              + Select Model & Reasoning --------------------------------------------+ |
 |    Theme              |                                                                      | |
 |    Updates            |  Curren+------------------------------+                              | |
 |    Agents             |  Reason|Model Shortcuts               |                              | |
 |    Auto Drive         |        |                              |                              | |
 |    Validation         |  GPT-5-|• Esc    Return to overview   |                              | |
 |    GitHub             |     Hig|• Tab    Cycle sections       |solving difficult problems. ( | |
 |    Chrome             |     Med|• Shift+Tab  Cycle backwards  |ng. Ideal for most tasks. (de | |
 |    MCP                |     Low|• ?      Toggle this help     |y in simple code bases. (fast | |
 |    Notifications      |        |                              |                              | |
 |    Limits             |  GPT-5 |Press Esc to close            |                              | |
 |                       |     Hig+------------------------------+solving difficult problems. ( | |
 |                       |                                                                      | |
 |                       +----------------------------------------------------------------------+ |
 | ↑ ↓ Move    Enter Open    Esc Close    ? Help                                                  |
 |                                                                                                |
 +------------------------------------------------------------------------------------------------+

 +------------------------------------------------------------------------------------------------+
 | What can I code for you today?                                                                 |
 +------------------------------------------------------------------------------------------------+
   Read Only  (Shift+Tab change)                                                       Ctrl+H help
