---
source: tui/tests/vt100_chatwidget_snapshot.rs
expression: output
---
 +----------------------------------------------------------------------------+
 |                                    Code                                    |
 +----------------------------------------------------------------------------+
   /auto - work autonomously on long tasks with Auto Drive UPDATED
   /chrome - connect to your Chrome browser
   /plan - create a comprehensive plan (multiple agents)
   /code - perform a coding task (multiple agents)

 › Can you gather details from the latest docs update?

 ✔ Web Search, duration: Xms
   + query: ratatui widget patterns

 ⚙ Web Search... (Xm Ys)
   + query: async rust tui example

   +- Browser (headless): Browser Session
   |
   |   0s  Clicked  #login-button
   |
   +- [Ctrl+B] View · [Esc] Stop

   +- deploy-helper
   |
   |  Run targeted regression suite
   |
   |  Agents
   |    No agent updates yet
   |
   |  Actions
   |    0s  Started agent run for qa-bot
   |    0s  Waiting for agents
   |
   +- [Ctrl+A] Expand

 +----------------------------------------------------------------------------+
 | What can I code for you today?                                             |
 +----------------------------------------------------------------------------+
   Read Only  (Shift+Tab change)                                   Ctrl+H help
