---
source: tui/tests/vt100_chatwidget_snapshot.rs
expression: "frames.join(\"\\n---FRAME---\\n\")"
---
 +----------------------------------------------------------------------------+
 |                                    Code                                    |
 +----------------------------------------------------------------------------+
   /settings - manage all settings in one place NEW
   /auto - work autonomously on long tasks with Auto Drive UPDATED
   /chrome - connect to your Chrome browser
   /plan - create a comprehensive plan (multiple agents)
   /code - perform a coding task (multiple agents)

  Auto Drive > Working                                           ✶ Waiting (1s)
 + Next Prompt ---------------------------------------------------------------+
 |  cargo fmt --check                                                         |
 +----------------------------------------------------------------------------+
 +------------------+
 | Send prompt (3s) |   Esc to edit
 +------------------+
   Awaiting approval  •  Agents Disabled  •  Revi… Enter approve  •  Esc cancel

---FRAME---
 +----------------------------------------------------------------------------+
 |                                    Code                                    |
 +----------------------------------------------------------------------------+
   /settings - manage all settings in one place NEW
   /auto - work autonomously on long tasks with Auto Drive UPDATED
   /chrome - connect to your Chrome browser
   /plan - create a comprehensive plan (multiple agents)
   /code - perform a coding task (multiple agents)

  Auto Drive > Working                                           ✶ Waiting (1s)
 + Next Prompt ---------------------------------------------------------------+
 |  cargo fmt --check                                                         |
 +----------------------------------------------------------------------------+
 +------------------+
 | Send prompt (1s) |   Esc to edit
 +------------------+
   Awaiting approval  •  Agents Disabled  •  Revi… Enter approve  •  Esc cancel

---FRAME---
 +----------------------------------------------------------------------------+
 |                                    Code                                    |
 +----------------------------------------------------------------------------+
 ★ Popular commands:
   /settings - manage all settings in one place NEW
   /auto - work autonomously on long tasks with Auto Drive UPDATED
   /chrome - connect to your Chrome browser
   /plan - create a comprehensive plan (multiple agents)
   /code - perform a coding task (multiple agents)

 › cargo fmt --check

  Auto Drive > Running cargo fmt --check.                       ✶ Thinking (1s)
 +----------------------------------------------------------------------------+
 | What can I code for you today?                                             |
 +----------------------------------------------------------------------------+
   Agents Disabled  •  Review Enabled  •  Cross-check Enab… Esc stop Auto Drive
