---
source: tui/tests/vt100_chatwidget_snapshot.rs
expression: output
---
 ┌────────────────────────────────────────────────────────────────────────────┐
 │                                    Code                                    │
 └────────────────────────────────────────────────────────────────────────────┘
 ┌ Browser ───────────────────────────────────────────────────────────────────┐
 │ • https://example.com/docs                                   Ctrl+B expand │
 └────────────────────────────────────────────────────────────────────────────┘
   /cloud - browse, apply, and create cloud tasks NEW

 › Open docs and find login button

   Browser session "example.com" (https://example.com/docs) started here;
   latest view is shown below.

   ╭─ ┌Browser────────────────────────────────┐
   │  │Screenshot:                            │
   │  │browser_session.png                    │  Opened    https://example.co
   │  │                                       │            m/docs
   │  │                                       │  Clicked   Sign in button
   │  └───────────────────────────────────────┘  Scrolled  dy=640
   │                                             Typed     docs search
   │
   │                                             Console: ⚠️  cdp warning:
   │                                             Refused to load script fr...
   │                                             cdn.example.com
   │
   ╰─ [Ctrl+B] Expand · [Esc] Stop

 ┌────────────────────────────────────────────────────────────────────────────┐
 │ What can I code for you today?                                             │
 └────────────────────────────────────────────────────────────────────────────┘
   Read Only  (Shift+Tab change)                                   Ctrl+H help
