---
source: tui/tests/vt100_chatwidget_snapshot.rs
expression: section_closed
---
 +------------------------------------------------------------------------------------------------+
 |    Code  •  Directory: ~/.code/working/code/branches/code-branch-20251020-094810/code-rs/tui   |
 +------------------------------------------------------------------------------------------------+
 +Settings ▸ Model--------------------------------------------------------------------------------+
 |                                                                                                |
 | ›  Model              + Select Model & Reasoning --------------------------------------------+ |
 |    Theme              |                                                                      | |
 |    Updates            |  Current model: gpt-5-codex                                          | |
 |    Agents             |  Reasoning effort: medium                                            | |
 |    Auto Drive         |                                                                      | |
 |    Validation         |  GPT-5-Codex                                                         | |
 |    GitHub             |     High - Deep reasoning. Useful when solving difficult problems. ( | |
 |    Chrome             |     Medium (current) - Balanced reasoning. Ideal for most tasks. (de | |
 |    MCP                |     Low - Basic reasoning. Works quickly in simple code bases. (fast | |
 |    Notifications      |                                                                      | |
 |    Limits             |  GPT-5                                                               | |
 |                       |     High - Deep reasoning. Useful when solving difficult problems. ( | |
 |                       |                                                                      | |
 |                       +----------------------------------------------------------------------+ |
 | ↑ ↓ Move    Enter Open    Esc Close    ? Help                                                  |
 |                                                                                                |
 +------------------------------------------------------------------------------------------------+

 +------------------------------------------------------------------------------------------------+
 | What can I code for you today?                                                                 |
 +------------------------------------------------------------------------------------------------+
   Read Only  (Shift+Tab change)                                                       Ctrl+H help
