---
source: tui/tests/vt100_chatwidget_snapshot.rs
expression: output
---
 +--------------------------------------------------------+
 |                          Code                          |
 +--------------------------------------------------------+
 +Settings ▸ Overview-------------------------------------+
 |                                                        |
 | › Model              Model: gpt-5-codex · Effort: M... |
 |   + Choose the language model used for new comp...     |
 |                                                        |
 |   Theme              Theme: Light - Photon (16-colo... |
 |   + Switch between preset color palettes and ad...     |
 |                                                        |
 | ↑ ↓ Move    Enter Open    Esc Close    ? Help          |
 |                                                        |
 +--------------------------------------------------------+

 +--------------------------------------------------------+
 | What can I code for you today?                         |
 +--------------------------------------------------------+
   Read Only  (Shift+Tab change)               Ctrl+H help
