---
source: tui/tests/vt100_chatwidget_snapshot.rs
assertion_line: 474
expression: output
---
 ┌────────────────────────────────────────────────────────────────────────────┐
 │                                    Code                                    │
 └────────────────────────────────────────────────────────────────────────────┘
   parallel work)
   /limits - visualize weekly and hourly rate limits
   /review - review your changes for potential issues
   /auto - work autonomously on long tasks with Auto Drive Experimental
   /cloud - browse, apply, and create cloud tasks NEW

 › Can you gather details from the latest docs update?

 ✔ Web Search, duration: 0ms
   └ query: ratatui widget patterns

 ⚙ Web Search... (1m 15s)
   └ query: async rust tui example

 ⚙ ╭─ BROWSER (headless): Browser Session · 1 action · 8.0s
   │
   │  #  ACTION                     TARGET        VALUE      RESULT       t
   │   1 Click                      #login-button —          ok            8.0s
   │
   ╰─ [Ctrl+B] Expand · [Esc] Stop

 ✔ ╭─ AGENTS · “Run targeted regression suite” · 0 agents · COMPLETED 01:34
   │
   │   TASK Run targeted regression suite
   │
   │   SUMMARY
   │  Regression sweep complete
   │  - 58 tests passed
   │  - 0 failures
   │
   ╰─ [Ctrl+B] Expand · [Esc] Stop

 ┌────────────────────────────────────────────────────────────────────────────┐
 │ What can I code for you today?                                             │
 └────────────────────────────────────────────────────────────────────────────┘
   Read Only  (Shift+Tab change)                                   Ctrl+H help
