---
source: tui/tests/vt100_chatwidget_snapshot.rs
expression: "frames.join(\"\\n---FRAME---\\n\")"
---
 +----------------------------------------------------------------------------+
 |                                    Code                                    |
 +----------------------------------------------------------------------------+


 ★ Popular commands:
   /settings - manage all settings in one place NEW
   /auto - work autonomously on long tasks with Auto Drive UPDATED
   /chrome - connect to your Chrome browser
   /plan - create a comprehensive plan (multiple agents)
   /code - perform a coding task (multiple agents)

  Auto Drive > Working                                   ✶ Awaiting review (1s)
 +----------------------------------------------------------------------------+
 | What can I code for you today?                                             |
 +----------------------------------------------------------------------------+
   Agents Enabled  •  Diagnostics Enabled Ctrl+S settings • Esc stop Auto Drive

---FRAME---
 +----------------------------------------------------------------------------+
 |                                    Code                                    |
 +----------------------------------------------------------------------------+


 ★ Popular commands:
   /settings - manage all settings in one place NEW
   /auto - work autonomously on long tasks with Auto Drive UPDATED
   /chrome - connect to your Chrome browser
   /plan - create a comprehensive plan (multiple agents)
   /code - perform a coding task (multiple agents)

  Auto Drive > Coordinator resumed the workflow.                ✶ Thinking (1s)
 +----------------------------------------------------------------------------+
 | What can I code for you today?                                             |
 +----------------------------------------------------------------------------+
   Agents Enabled  •  Diagnostics Enabled Ctrl+S settings • Esc stop Auto Drive
