---
source: tui/tests/vt100_chatwidget_snapshot.rs
expression: frame
---
 +----------------------------------------------------------------------------+
 |            Code  •  Directory: ~/www/just-every/code/code-rs/tui           |
 +----------------------------------------------------------------------------+
   parallel work)
   /limits - visualize weekly and hourly rate limits
   /review - review your changes for potential issues
   /auto - work autonomously on long tasks with Auto Drive Experimental
   /cloud - browse, apply, and create cloud tasks NEW
   Auto Drive > Working                               Awaiting input (0 turns)
 Auto Drive will send:
 Prompt:
 justfile run manual
 Awaiting input (0 turns)  •  Agents Enabled  •  Review Enabled
 +----------------------------------------------------------------------------+
 | What can I code for you today?                                             |
 +----------------------------------------------------------------------------+
   Awaiting approval  •  Agents Enabled  •  Revie… Enter approve  •  Esc cancel
