---
source: tui/tests/vt100_chatwidget_snapshot.rs
assertion_line: 260
expression: output
---
 +----------------------------------------------------------------------------+
 |                                    Code                                    |
 +----------------------------------------------------------------------------+



 ★ Popular commands:
   /settings - open Settings (sections: model, theme, agents, limits, chrome,
   mcp, notifications)
   /auto - work autonomously on long tasks with Auto Drive Experimental
   /chrome - connect to Chrome (opens Settings at Chrome)
   /plan - create a comprehensive plan (multiple agents)
   /code - perform a coding task (multiple agents)

 +----------------------------------------------------------------------------+
 | What can I code for you today?                                             |
 +----------------------------------------------------------------------------+
   Read Only  (Shift+Tab change)                                   Ctrl+H help
