---
source: tui/tests/vt100_chatwidget_snapshot.rs
expression: output
---
 ┌────────────────────────────────────────────────────────────────────────────┐
 │                                    Code                                    │
 └────────────────────────────────────────────────────────────────────────────┘
 ┌ Browser ───────────────────────────────────────────────────────────────────┐
 │ • https://example.com/docs                                   Ctrl+B expand │
 └────────────────────────────────────────────────────────────────────────────┘
   /limits - visualize weekly and hourly rate limits
   /review - review your changes for potential issues
   /auto - work autonomously on long tasks with Auto Drive Experimental
   /cloud - browse, apply, and create cloud tasks NEW

 › Open docs and find login button

 ⚙ ╭─ BROWSER (headless): example.com · 4 actions · 65.0s
   │
   │  #  ACTION       TARGET                   VALUE         RESULT       t
   │   1 Nav          https://example.com/docs —             ok            5.0s
   │   2 Click        Sign in button           "#sign-in"    ok           13.0s
   │   3 Scroll       —                        "dy=640"      ok           14.0s
   │   4 Type         —                        "docs search" ok           33.0s
   │
   │  Console: ⚠️   cdp warning: Refused to load script from cdn.example.com
   │
   │  Screenshot: /tmp/browser_session.png
   │
   ╰─ [Ctrl+B] Expand · [Esc] Stop

 ┌────────────────────────────────────────────────────────────────────────────┐
 │ What can I code for you today?                                             │
 └────────────────────────────────────────────────────────────────────────────┘
   Read Only  (Shift+Tab change)                                   Ctrl+H help
