---
source: tui/tests/vt100_chatwidget_snapshot.rs
expression: "frames.join(\"\\n---FRAME---\\n\")"
---
 +----------------------------------------------------------------------------+
 |            Code  •  Directory: ~/www/just-every/code/code-rs/tui           |
 +----------------------------------------------------------------------------+
   parallel work)
   /limits - visualize weekly and hourly rate limits
   /review - review your changes for potential issues
   /auto - work autonomously on long tasks with Auto Drive Experimental
   /cloud - browse, apply, and create cloud tasks NEW
   Auto Drive > Working                               Awaiting input (0 turns)
 Auto Drive will send:
 Prompt:
 cargo nextest run --no-fail-fast
 Awaiting input (0 turns)  •  Agents Enabled  •  Review Enabled
 +----------------------------------------------------------------------------+
 | What can I code for you today?                                             |
 +----------------------------------------------------------------------------+
   Awaiting approval  •  Agents Enabled  •  Revie… Enter approve  •  Esc cancel

---FRAME---
 +----------------------------------------------------------------------------+
 |            Code  •  Directory: ~/www/just-every/code/code-rs/tui           |
 +----------------------------------------------------------------------------+
   parallel work)
   /limits - visualize weekly and hourly rate limits
   /review - review your changes for potential issues
   /auto - work autonomously on long tasks with Auto Drive Experimental
   /cloud - browse, apply, and create cloud tasks NEW
   Auto Drive > Working                               Awaiting input (0 turns)
 Auto Drive will send:
 Prompt:
 cargo nextest run --no-fail-fast
 Awaiting input (0 turns)  •  Agents Enabled  •  Review Enabled
 +----------------------------------------------------------------------------+
 | What can I code for you today?                                             |
 +----------------------------------------------------------------------------+
   Awaiting approval  •  Agents Enabled  •  Revie… Enter approve  •  Esc cancel

---FRAME---
 +----------------------------------------------------------------------------+
 |            Code  •  Directory: ~/www/just-every/code/code-rs/tui           |
 +----------------------------------------------------------------------------+
   /chrome - connect to Chrome
   /plan - create a comprehensive plan (multiple agents)
   /code - perform a coding task (multiple agents)
   /branch - work in an isolated /branch then /merge when done (great for
   parallel work)
   /limits - visualize weekly and hourly rate limits
   /review - review your changes for potential issues
   /auto - work autonomously on long tasks with Auto Drive Experimental
   /cloud - browse, apply, and create cloud tasks NEW
   Auto Drive > Working                                      Running (0 turns)
 +----------------------------------------------------------------------------+
 | What can I code for you today?                                             |
 +----------------------------------------------------------------------------+
   Agents Enabled  •  Review Enabled  •  Ctrl+S Settings   Esc stop Auto Drive
