---
source: tui/tests/vt100_chatwidget_snapshot.rs
assertion_line: 289
expression: "frames.join(\"\\n---FRAME---\\n\")"
---
 +----------------------------------------------------------------------------+
 |                                    Code                                    |
 +----------------------------------------------------------------------------+
   mcp, notifications)
   /auto - work autonomously on long tasks with Auto Drive Experimental
   /chrome - connect to Chrome (opens Settings at Chrome)
   /plan - create a comprehensive plan (multiple agents)
   /code - perform a coding task (multiple agents)

  Auto Drive > Working                                Awaiting input (0 turns)
 Auto Drive will send:
 Prompt:
 cargo nextest run --no-fail-fast



   Awaiting approval  •  Agents Enabled  •  Revie… Enter approve  •  Esc cancel

---FRAME---
 +----------------------------------------------------------------------------+
 |                                    Code                                    |
 +----------------------------------------------------------------------------+
   mcp, notifications)
   /auto - work autonomously on long tasks with Auto Drive Experimental
   /chrome - connect to Chrome (opens Settings at Chrome)
   /plan - create a comprehensive plan (multiple agents)
   /code - perform a coding task (multiple agents)

  Auto Drive > Working                                Awaiting input (0 turns)
 Auto Drive will send:
 Prompt:
 cargo nextest run --no-fail-fast



   Awaiting approval  •  Agents Enabled  •  Revie… Enter approve  •  Esc cancel

---FRAME---
 +----------------------------------------------------------------------------+
 |                                    Code                                    |
 +----------------------------------------------------------------------------+
   /settings - open Settings (sections: model, theme, agents, limits, chrome,
   mcp, notifications)
   /auto - work autonomously on long tasks with Auto Drive Experimental
   /chrome - connect to Chrome (opens Settings at Chrome)
   /plan - create a comprehensive plan (multiple agents)
   /code - perform a coding task (multiple agents)

  Auto Drive > Working                                       Running (0 turns)
 +----------------------------------------------------------------------------+
 | What can I code for you today?                                             |
 +----------------------------------------------------------------------------+
  Agents Enabled  •  Review Enabled  •  Cross-check Enabled  •  Observer Enabled  •  Ctrl+S Settings  •  Ctrl+O Threads   Esc stop Auto Drive
