---
source: tui/tests/vt100_chatwidget_snapshot.rs
expression: output
---
 +----------------------------------------------------------------------------+
 |                                    Code                                    |
 +----------------------------------------------------------------------------+





 ★ Popular commands:
   /settings - manage all settings in one place NEW
   /auto - work autonomously on long tasks with Auto Drive UPDATED
   /chrome - connect to your Chrome browser
   /plan - create a comprehensive plan (multiple agents)
   /code - perform a coding task (multiple agents)

 › Handle captcha gracefully

   +- Browser (headless): example.com
   |
   |   0s  Opened   https://example.com
   |   3s  Typed    pizza
   |   5s  Pressed  Enter
   |
   |   Console: ⚠️  Encountering captcha block
   |
   +- [Ctrl+B] View · [Esc] Stop

 +----------------------------------------------------------------------------+
 | What can I code for you today?                                             |
 +----------------------------------------------------------------------------+
   Read Only  (Shift+Tab change)                                   Ctrl+H help
