---
source: tui/tests/vt100_chatwidget_snapshot.rs
expression: "&output"
---
 +--------------------------------------------------------------------------------------------+
 |  Code  •  Directory: ~/.code/working/code/branches/code-branch-20251024-135958/code-rs/tui |
 +--------------------------------------------------------------------------------------------+
 + Agents - Ctrl+A to close-------------------------------------------------------------------+
 |                                                                                            |
 |  Docs Sweep                 + Agent History ---------------------------------------------+ |
 | › ★ Overview                | Docs Sweep  2 agents                                       | |
 |   • claude-3-opus           | Models: claude-3-opus, gpt-4o                              | |
 |   • gpt-4o                  |                                                            | |
 |                             | Context                                                    | |
 |                             |   Focus on October 2025 product changes                    | |
 |                             |                                                            | |
 |                             | Action History                                             | |
 |                             |                                                            | |
 |                             | [MM:SS:29] claude-3-opus status: Status → Running          | |
 |                             |                                                            | |
 |                             | [MM:SS:29] claude-3-opus progress: Collecting release notes| |
 |                             |                                    Reviewing eng updates   | |
 |                             |                                                            | |
 |                             | [MM:SS:29] gpt-4o status: Status → Pending                 | |
 |                             |                                                            | |
 |                             | [MM:SS:29] claude-3-opus status: Status → Completed        | |
 |                             |                                                            | |
 |                             | [MM:SS:29] claude-3-opus progress: Synthesizing highlights | |
 |                             |                                                            | |
 |                             +------------------------------------------------------------+ |
 | ↑/↓ Navigate/Scroll  →/Enter Focus output  ← Back to list  Tab Next agent  PgUp/PgDn Page  |
 |                                                                                            |
 +--------------------------------------------------------------------------------------------+
