---
source: tui/tests/vt100_chatwidget_snapshot.rs
assertion_line: 1006
expression: output
---
 +----------------------------------------------------------------------------+
 |                                    Code                                    |
 +----------------------------------------------------------------------------+
 /settings - manage all settings in one place NEW
 /auto - work autonomously on long tasks with Auto Drive UPDATED
  /chrome - connect to your Chrome browser
   /plan - create a comprehensive plan (multiple agents)
   /code - perform a coding task (multiple agents)

 › Handle captcha gracefully

   +- Browser (headless): example.com
   |
   |   Opened   https://example.com
   |   Typed    pizza
   |   Pressed  Enter
   |
   |   Console: ⚠️  Encountering captcha block
   |
   +- [Ctrl+B] Expand · [Esc] Stop

 +----------------------------------------------------------------------------+
 | What can I code for you today?                                             |
 +----------------------------------------------------------------------------+
   Read Only  (Shift+Tab change)                                   Ctrl+H help
