---
source: tui/tests/vt100_chatwidget_snapshot.rs
expression: "frames.join(\"\\n---FRAME---\\n\")"
---
 +----------------------------------------------------------------------------+
 |                                    Code                                    |
 +----------------------------------------------------------------------------+
   /settings - manage all settings in one place NEW
   /auto - work autonomously on long tasks with Auto Drive UPDATED
   /chrome - connect to your Chrome browser
   /plan - create a comprehensive plan (multiple agents)
   /code - perform a coding task (multiple agents)

  Auto Drive > Working                                Awaiting input (0 turns)
 Auto Drive prompt
 Prompt
 cargo fmt --check



   Awaiting approval  •  Agents Disabled  •  Revi… Enter approve  •  Esc cancel

---FRAME---
 +----------------------------------------------------------------------------+
 |                                    Code                                    |
 +----------------------------------------------------------------------------+
   /settings - manage all settings in one place NEW
   /auto - work autonomously on long tasks with Auto Drive UPDATED
   /chrome - connect to your Chrome browser
   /plan - create a comprehensive plan (multiple agents)
   /code - perform a coding task (multiple agents)

  Auto Drive > Working                                Awaiting input (0 turns)
 Auto Drive prompt
 Prompt
 cargo fmt --check



   Awaiting approval  •  Agents Disabled  •  Revi… Enter approve  •  Esc cancel

---FRAME---
 +----------------------------------------------------------------------------+
 |                                    Code                                    |
 +----------------------------------------------------------------------------+
 ★ Popular commands:
   /settings - manage all settings in one place NEW
   /auto - work autonomously on long tasks with Auto Drive UPDATED
   /chrome - connect to your Chrome browser
   /plan - create a comprehensive plan (multiple agents)
   /code - perform a coding task (multiple agents)

 › cargo fmt --check

  Auto Drive > Running cargo fmt --check.                    Running (0 turns)
 +----------------------------------------------------------------------------+
 | What can I code for you today?                                             |
 +----------------------------------------------------------------------------+
   Agents Disabled  •  Review Enabled  •  Cross-check Enab… Esc stop Auto Drive
