---
source: tui/tests/vt100_chatwidget_snapshot.rs
expression: output
---
 ┌────────────────────────────────────────────────────────────────────────────┐
 │                                    Code                                    │
 └────────────────────────────────────────────────────────────────────────────┘

     Plan
       • Init workspace
       • Nextest smoke
       • Summarize

     Status
       (no status updates yet)

     Latest result
       Regression sweep complete
       - 58 tests passed
       - 0 failures

 ⚙ ┌───────────────────────────────────────────────────────────────────────────
   │ Agent Run • agent-pending                                        Running │
   └───────────────────────────────────────────────────────────────────────────

     Plan
       (no plan provided)

     Status
       (no status updates yet)

 ┌────────────────────────────────────────────────────────────────────────────┐
 │ What can I code for you today?                                             │
 └────────────────────────────────────────────────────────────────────────────┘
   Read Only  (Shift+Tab change)                                   Ctrl+H help
