---
source: tui/src/chatwidget/tests.rs
assertion_line: 474
expression: popup
---
  Approaching rate limits
  You've used over 90% of your limit. Switch to gpt-5-codex for lower credit u

› 1. Switch to gpt-5-codex  Optimized for codex.
  2. Keep current model

  Press enter to confirm or esc to go back
